    DELETE /api/devices/{id}/fsa-assignment
    DELETE /api/fsas/{id}
    DELETE /api/fsas/{id}/programs
    DELETE /api/management-pairs
    GET /
    GET /api/certs/ca
    GET /api/certs/device-types
    GET /api/der/controls
    GET /api/derms/commitments
    GET /api/derms/fleets
    GET /api/derms/flow-reservations
    GET /api/derms/flow-reservations/{edevId}/{frqId}
    GET /api/derms/grants
    GET /api/devices/by-lfdi/{lfdi}
    GET /api/devices/{id}/{collection}
    GET /api/fsas
    GET /api/fsas/{id}
    GET /api/management-pairs
    GET /api/topology
    GET /api/ui/panels
    GET /api/ui/panels/{id}
    GET /api/ui/panels/{id}/choices
    GET /api/ui/panels/{id}/stream
    GET /dashboard/data
    GET /dashboard/events
    GET /login
    GET /ui/
    POST /api/certs/device
    POST /api/certs/info
    POST /api/certs/server
    POST /api/der/controls
    POST /api/der/controls/{mrid}/cancel
    POST /api/derms/flow-reservations/{edevId}/{frqId}/answer
    POST /api/derms/flow-reservations/{edevId}/{frqId}/cancel
    POST /api/derms/flow-reservations/{edevId}/{frqId}/revise
    POST /api/devices
    POST /api/devices/{id}/fsa-assignment
    POST /api/fsas
    POST /api/fsas/{id}/programs
    POST /api/management-pairs
    POST /api/management-pairs/rekey
    POST /auth/login
    POST /auth/ticket
